// Jest Snapshot v1, https://goo.gl/fbAQLP

exports[`<Home/> Home: Verifying the ReactRouter Link 1`] = `
<a
  href="/characters"
  onClick={[Function]}
/>
`;
