// Jest Snapshot v1, https://goo.gl/fbAQLP

exports[`Home Snapshot Comprobar la UI del component Home 1`] = `
<div
  className="container"
>
  <div
    className="photo"
  />
  <div
    className="container__elements"
  >
    <p
      className="text--title"
    >
      Rick&Morty
    </p>
    <p
      className="text--subtitle"
    >
      Â¡Conoce todos los personajes!
    </p>
  </div>
</div>
`;

exports[`Test del Home Home: Comprobando Link de ReactRouter 1`] = `
<a
  href="/characters"
  onClick={[Function]}
/>
`;
