// Jest Snapshot v1, https://goo.gl/fbAQLP

exports[`<Navbar/> Verifying the ReactRouter Link 1`] = `
<a
  href="/"
  onClick={[Function]}
/>
`;
